============================= test session starts ==============================
platform darwin -- Python 3.14.0, pytest-8.2.0, pluggy-1.6.0
rootdir: /Users/viveksingh/Desktop/Project/myapp
plugins: flask-1.3.0, anyio-4.13.0
collected 0 items / 1 error

==================================== ERRORS ====================================
______________________ ERROR collecting tests/test_app.py ______________________
venv/lib/python3.14/site-packages/_pytest/python.py:487: in importtestmodule
    mod = import_path(
venv/lib/python3.14/site-packages/_pytest/pathlib.py:591: in import_path
    importlib.import_module(module_name)
/opt/homebrew/Cellar/python@3.14/3.14.0_1/Frameworks/Python.framework/Versions/3.14/lib/python3.14/importlib/__init__.py:88: in import_module
    return _bootstrap._gcd_import(name[level:], package, level)
<frozen importlib._bootstrap>:1398: in _gcd_import
    ???
<frozen importlib._bootstrap>:1371: in _find_and_load
    ???
<frozen importlib._bootstrap>:1342: in _find_and_load_unlocked
    ???
<frozen importlib._bootstrap>:938: in _load_unlocked
    ???
venv/lib/python3.14/site-packages/_pytest/assertion/rewrite.py:178: in exec_module
    exec(co, module.__dict__)
tests/test_app.py:2: in <module>
    from app.app import app
E     File "/Users/viveksingh/Desktop/Project/myapp/app/app.py", line 13
E       def health()
E                   ^
E   SyntaxError: expected ':'
=========================== short test summary info ============================
ERROR tests/test_app.py
!!!!!!!!!!!!!!!!!!!! Interrupted: 1 error during collection !!!!!!!!!!!!!!!!!!!!
=============================== 1 error in 0.10s ===============================
